(venv) (base) Ranjits-MacBook-Air-2:infer ranjitpatro$ bash speaker_embed_train_gen.sh 
Written 3548 entries to /Users/ranjitpatro/Home/Research/VoiceMOS/voicemos-challenge-2026-exp/titanet_large/infer/manifest.json
W0607 17:54:24.108000 16152 torch/distributed/elastic/multiprocessing/redirects.py:35] NOTE: Redirects are currently not supported in MacOs.
OneLogger: Setting error_handling_strategy to DISABLE_QUIETLY_AND_REPORT_METRIC_ERROR for rank (rank=0) with OneLogger disabled. To override: explicitly set error_handling_strategy parameter.
No exporters were provided. This means that no telemetry data will be collected.
[NeMo I 2026-06-07 17:54:29 cloud:58] Found existing object /Users/ranjitpatro/.cache/torch/NeMo/NeMo_2.7.3/titanet-l/11ba0924fdf87c049e339adbf6899d48/titanet-l.nemo.
[NeMo I 2026-06-07 17:54:29 cloud:64] Re-using file from: /Users/ranjitpatro/.cache/torch/NeMo/NeMo_2.7.3/titanet-l/11ba0924fdf87c049e339adbf6899d48/titanet-l.nemo
[NeMo I 2026-06-07 17:54:29 common:939] Instantiating model from pre-trained checkpoint
[NeMo W 2026-06-07 17:54:29 modelPT:188] If you intend to do training or fine-tuning, please call the ModelPT.setup_training_data() method and provide a valid configuration file to setup the train data loader.
    Train config : 
    manifest_filepath: /manifests/combined_fisher_swbd_voxceleb12_librispeech/train.json
    sample_rate: 16000
    labels: null
    batch_size: 64
    shuffle: true
    is_tarred: false
    tarred_audio_filepaths: null
    tarred_shard_strategy: scatter
    augmentor:
      noise:
        manifest_path: /manifests/noise/rir_noise_manifest.json
        prob: 0.5
        min_snr_db: 0
        max_snr_db: 15
      speed:
        prob: 0.5
        sr: 16000
        resample_type: kaiser_fast
        min_speed_rate: 0.95
        max_speed_rate: 1.05
    num_workers: 15
    pin_memory: true
    
[NeMo W 2026-06-07 17:54:29 modelPT:195] If you intend to do validation, please call the ModelPT.setup_validation_data() or ModelPT.setup_multiple_validation_data() method and provide a valid configuration file to setup the validation data loader(s). 
    Validation config : 
    manifest_filepath: /manifests/combined_fisher_swbd_voxceleb12_librispeech/dev.json
    sample_rate: 16000
    labels: null
    batch_size: 128
    shuffle: false
    num_workers: 15
    pin_memory: true
    
[NeMo I 2026-06-07 17:54:29 save_restore_connector:285] Model EncDecSpeakerLabelModel was successfully restored from /Users/ranjitpatro/.cache/torch/NeMo/NeMo_2.7.3/titanet-l/11ba0924fdf87c049e339adbf6899d48/titanet-l.nemo.
[NeMo I 2026-06-07 17:54:29 extract_speaker_embeddings:118] using pretrained titanet_large speaker model from NGC
[NeMo W 2026-06-07 17:54:29 extract_speaker_embeddings:123] Running model on CPU, for faster performance it is adviced to use atleast one NVIDIA GPUs
[NeMo I 2026-06-07 17:54:29 collections:748] Dataset loaded with 3548 items. The durations were not provided.
[NeMo I 2026-06-07 17:54:29 collections:757] # 3548 files loaded accounting to # 1 labels
[NeMo W 2026-06-07 17:54:29 label_models:201] Total number of 1 labels found in all the manifest files.
[NeMo I 2026-06-07 17:54:29 collections:748] Dataset loaded with 3548 items. The durations were not provided.
[NeMo I 2026-06-07 17:54:29 collections:757] # 3548 files loaded accounting to # 1 labels
  5%|███████▌                                                                                                                                                              | 162/3548 [00:32<10:36,  5.32it/s]